
Allocating common symbols
Common symbol       size              file

periph_clk_khz      0x4               out/system_k60.o

Memory Configuration

Name             Origin             Length             Attributes
VECTORS          0x00000000         0x00000410         xr
FLASH            0x00000800         0x0007f800         xr
SRAM_U           0x1fff0000         0x00010000         xrw
SRAM_L           0x20000000         0x00010000         xrw
*default*        0x00000000         0xffffffff

Linker script and memory map

LOAD out/main.o
LOAD out/startup_k60.o
LOAD out/system_k60.o
LOAD out/uart.o
START GROUP
LOAD /opt/gcc-arm-none-eabi-4_8-2014q2/bin/../lib/gcc/arm-none-eabi/4.8.4/armv7e-m/libgcc.a
LOAD /opt/gcc-arm-none-eabi-4_8-2014q2/bin/../lib/gcc/arm-none-eabi/4.8.4/../../../../arm-none-eabi/lib/armv7e-m/libg.a
LOAD /opt/gcc-arm-none-eabi-4_8-2014q2/bin/../lib/gcc/arm-none-eabi/4.8.4/../../../../arm-none-eabi/lib/armv7e-m/libc.a
END GROUP

.vectortable    0x00000000      0x410
                0x00000000                __vector_table = .
                0x00000000                . = ALIGN (0x4)
 *(.vectors)
 .vectors       0x00000000      0x410 out/startup_k60.o
                0x00000000                g_pfnVectors
                0x00000410                . = ALIGN (0x4)

.text           0x00000800      0x698
                0x00000800                . = ALIGN (0x4)
 *(.text)
 .text          0x00000800      0x2f8 out/main.o
                0x00000800                gpio_init
                0x000008f8                PORTA_IRQHandler
                0x00000914                led_blinker
                0x000009d0                main
                0x00000abc                delay
 .text          0x00000af8       0x88 out/startup_k60.o
                0x00000af8                CAN0_Rx_Warning_IRQHandler
                0x00000af8                I2C0_IRQHandler
                0x00000af8                CAN1_ORed_Message_buffer_IRQHandler
                0x00000af8                UART3_RX_TX_IRQHandler
                0x00000af8                UART0_RX_TX_IRQHandler
                0x00000af8                I2C1_IRQHandler
                0x00000af8                DMA2_IRQHandler
                0x00000af8                ENET_Error_IRQHandler
                0x00000af8                CAN0_Tx_Warning_IRQHandler
                0x00000af8                PIT0_IRQHandler
                0x00000af8                CAN0_ORed_Message_buffer_IRQHandler
                0x00000af8                Watchdog_IRQHandler
                0x00000af8                CMP2_IRQHandler
                0x00000af8                I2S0_IRQHandler
                0x00000af8                TSI0_IRQHandler
                0x00000af8                ENET_Receive_IRQHandler
                0x00000af8                ENET_1588_Timer_IRQHandler
                0x00000af8                CAN1_Error_IRQHandler
                0x00000af8                UART2_RX_TX_IRQHandler
                0x00000af8                ADC0_IRQHandler
                0x00000af8                CMT_IRQHandler
                0x00000af8                UART4_RX_TX_IRQHandler
                0x00000af8                SPI1_IRQHandler
                0x00000af8                DMA9_IRQHandler
                0x00000af8                DMA14_IRQHandler
                0x00000af8                CMP1_IRQHandler
                0x00000af8                PORTD_IRQHandler
                0x00000af8                PORTB_IRQHandler
                0x00000af8                UART4_ERR_IRQHandler
                0x00000af8                ADC1_IRQHandler
                0x00000af8                PIT2_IRQHandler
                0x00000af8                LPTimer_IRQHandler
                0x00000af8                DMA5_IRQHandler
                0x00000af8                RTC_IRQHandler
                0x00000af8                PDB0_IRQHandler
                0x00000af8                CAN1_Bus_Off_IRQHandler
                0x00000af8                FTM1_IRQHandler
                0x00000af8                UART5_RX_TX_IRQHandler
                0x00000af8                UART3_ERR_IRQHandler
                0x00000af8                PIT3_IRQHandler
                0x00000af8                SDHC_IRQHandler
                0x00000af8                MCG_IRQHandler
                0x00000af8                UART2_ERR_IRQHandler
                0x00000af8                DMA11_IRQHandler
                0x00000af8                UART5_ERR_IRQHandler
                0x00000af8                Read_Collision_IRQHandler
                0x00000af8                Default_Handler
                0x00000af8                DMA7_IRQHandler
                0x00000af8                ENET_Transmit_IRQHandler
                0x00000af8                USB_IRQHandler
                0x00000af8                CAN1_Tx_Warning_IRQHandler
                0x00000af8                USB0_IRQHandler
                0x00000af8                LLW_IRQHandler
                0x00000af8                SPI2_IRQHandler
                0x00000af8                CAN1_Rx_Warning_IRQHandler
                0x00000af8                CAN1_Wake_Up_IRQHandler
                0x00000af8                DMA13_IRQHandler
                0x00000af8                DMA3_IRQHandler
                0x00000af8                RNG_IRQHandler
                0x00000af8                DMA0_IRQHandler
                0x00000af8                DMA15_IRQHandler
                0x00000af8                DAC0_IRQHandler
                0x00000af8                Software_IRQHandler
                0x00000af8                CAN0_Error_IRQHandler
                0x00000af8                DMA4_IRQHandler
                0x00000af8                PIT1_IRQHandler
                0x00000af8                UART0_ERR_IRQHandler
                0x00000af8                DMA_Error_IRQHandler
                0x00000af8                LVD_LVW_IRQHandler
                0x00000af8                SPI0_IRQHandler
                0x00000af8                FTM0_IRQHandler
                0x00000af8                DAC1_IRQHandler
                0x00000af8                MCM_IRQHandler
                0x00000af8                DMA12_IRQHandler
                0x00000af8                FTFL_IRQHandler
                0x00000af8                CAN0_Bus_Off_IRQHandler
                0x00000af8                PORTE_IRQHandler
                0x00000af8                FTM2_IRQHandler
                0x00000af8                DMA8_IRQHandler
                0x00000af8                DMA10_IRQHandler
                0x00000af8                CAN0_Wake_Up_IRQHandler
                0x00000af8                UART1_ERR_IRQHandler
                0x00000af8                UART1_RX_TX_IRQHandler
                0x00000af8                CMP0_IRQHandler
                0x00000af8                PORTC_IRQHandler
                0x00000af8                DMA6_IRQHandler
                0x00000af8                DMA1_IRQHandler
                0x00000b00                Reset_Handler
 .text          0x00000b80      0x15c out/system_k60.o
                0x00000b80                SystemInit
 .text          0x00000cdc      0x1bc out/uart.o
                0x00000cdc                init_uart
                0x00000da8                uart_putchar
                0x00000dd4                uart_getchar
                0x00000e00                data_ready
                0x00000e28                uart_read
                0x00000e3c                uartsend
                0x00000e5c                puts
                0x00000e84                data_available
 *(.text*)
 *(.rodata)
 *(.rodata*)
 *(.glue_7)
 .glue_7        0x00000000        0x0 linker stubs
 *(.glue_7t)
 .glue_7t       0x00000000        0x0 linker stubs
 *(.eh_frame)
 *(.init)
 *(.fini)
                0x00000e98                . = ALIGN (0x4)
                0x00000e98                _etext = .

.vfp11_veneer   0x00000e98        0x0
 .vfp11_veneer  0x00000000        0x0 linker stubs

.v4_bx          0x00000e98        0x0
 .v4_bx         0x00000000        0x0 linker stubs

.iplt           0x00000e98        0x0
 .iplt          0x00000000        0x0 out/main.o

.rel.dyn        0x00000e98        0x0
 .rel.iplt      0x00000000        0x0 out/main.o

.ARM.extab
 *(.ARM.extab* .gnu.linkonce.armextab.*)
                0x00000e98                __exidx_start = .

.ARM.exidx
 *(.ARM.exidx* .gnu.linkonce.armexidx.*)
                0x00000e98                __exidx_end = .

.preinit_array  0x00000e98        0x0
                0x00000e98                PROVIDE (__preinit_array_start, .)
 *(.preinit_array*)
                0x00000e98                PROVIDE (__preinit_array_end, .)

.init_array     0x00000e98        0x0
                0x00000e98                PROVIDE (__init_array_start, .)
 *(SORT(.init_array.*))
 *(.init_array*)
                0x00000e98                PROVIDE (__init_array_end, .)

.fini_array     0x00000e98        0x0
                0x00000e98                PROVIDE (__fini_array_start, .)
 *(SORT(.fini_array.*))
 *(.fini_array*)
                0x00000e98                PROVIDE (__fini_array_end, .)
                0x00000e98                __etext = .

.data           0x1fff0000       0x18 load address 0x00000e98
                0x1fff0000                . = ALIGN (0x4)
                0x1fff0000                _sdata = .
 *(.data)
 .data          0x1fff0000       0x18 out/main.o
                0x1fff0000                PA
                0x1fff0004                PE
                0x1fff0008                GPIOA
                0x1fff000c                GPIOE
                0x1fff0010                nvic
                0x1fff0014                osci
 .data          0x1fff0018        0x0 out/startup_k60.o
 .data          0x1fff0018        0x0 out/system_k60.o
 .data          0x1fff0018        0x0 out/uart.o
 *(.data*)
                0x1fff0018                . = ALIGN (0x4)
                0x1fff0018                _edata = .

.igot.plt       0x1fff0018        0x0 load address 0x00000eb0
 .igot.plt      0x00000000        0x0 out/main.o
                0x1fff0018                . = ALIGN (0x4)

.bss            0x1fff0018        0x4 load address 0x00000eb0
                0x1fff0018                _sbss = .
 *(.bss)
 .bss           0x1fff0018        0x0 out/main.o
 .bss           0x1fff0018        0x0 out/startup_k60.o
 .bss           0x1fff0018        0x0 out/system_k60.o
 .bss           0x1fff0018        0x0 out/uart.o
 *(.bss*)
 *(COMMON)
 COMMON         0x1fff0018        0x4 out/system_k60.o
                0x1fff0018                periph_clk_khz
                0x1fff001c                . = ALIGN (0x4)
                0x1fff001c                _ebss = .

.heap           0x1fff001c        0x0
                0x1fff001c                __end__ = .
                0x1fff001c                end = __end__
 *(.heap*)
                0x1fff001c                __HeapLimit = .

.stack_dummy    0x1fff001c        0x0
 *(.stack*)
                0x20000000                __StackTop = (ORIGIN (SRAM_U) + 0x10000)
                0x20000000                __StackLimit = (__StackTop - SIZEOF (.stack_dummy))
                0x20000000                PROVIDE (__stack, __StackTop)
                0x00000001                ASSERT ((__StackLimit >= __HeapLimit), region RAM overflowed with stack)

.ARM.attributes
                0x00000000       0x33
 *(.ARM.attributes)
 .ARM.attributes
                0x00000000       0x33 out/main.o
 .ARM.attributes
                0x00000033       0x33 out/startup_k60.o
 .ARM.attributes
                0x00000066       0x33 out/system_k60.o
 .ARM.attributes
                0x00000099       0x33 out/uart.o
OUTPUT(out/k60_gpio_demo.elf elf32-littlearm)

.debug_info     0x00000000     0x1399
 .debug_info    0x00000000      0x9d5 out/main.o
 .debug_info    0x000009d5       0xed out/startup_k60.o
 .debug_info    0x00000ac2      0x4ec out/system_k60.o
 .debug_info    0x00000fae      0x3eb out/uart.o

.debug_abbrev   0x00000000      0x53a
 .debug_abbrev  0x00000000      0x214 out/main.o
 .debug_abbrev  0x00000214       0xab out/startup_k60.o
 .debug_abbrev  0x000002bf      0x11f out/system_k60.o
 .debug_abbrev  0x000003de      0x15c out/uart.o

.debug_aranges  0x00000000       0x80
 .debug_aranges
                0x00000000       0x20 out/main.o
 .debug_aranges
                0x00000020       0x20 out/startup_k60.o
 .debug_aranges
                0x00000040       0x20 out/system_k60.o
 .debug_aranges
                0x00000060       0x20 out/uart.o

.debug_line     0x00000000      0x3e2
 .debug_line    0x00000000      0x146 out/main.o
 .debug_line    0x00000146       0x61 out/startup_k60.o
 .debug_line    0x000001a7      0x127 out/system_k60.o
 .debug_line    0x000002ce      0x114 out/uart.o

.debug_str      0x00000000      0x667
 .debug_str     0x00000000      0x420 out/main.o
                                0x470 (size before relaxing)
 .debug_str     0x00000420       0x6d out/startup_k60.o
                                0x175 (size before relaxing)
 .debug_str     0x0000048d      0x14d out/system_k60.o
                                0x309 (size before relaxing)
 .debug_str     0x000005da       0x8d out/uart.o
                                0x2cc (size before relaxing)

.comment        0x00000000       0x70
 .comment       0x00000000       0x70 out/main.o
                                 0x71 (size before relaxing)
 .comment       0x00000000       0x71 out/startup_k60.o
 .comment       0x00000000       0x71 out/system_k60.o
 .comment       0x00000000       0x71 out/uart.o

.debug_frame    0x00000000      0x204
 .debug_frame   0x00000000       0x98 out/main.o
 .debug_frame   0x00000098       0x48 out/startup_k60.o
 .debug_frame   0x000000e0       0x2c out/system_k60.o
 .debug_frame   0x0000010c       0xf8 out/uart.o
